BUILD_EXIT=0
BINARY_PRESENT=yes
